export const snapshot = {};

snapshot[`With test page > when press i key > then viewer should be shown 1`] = `"iVBORw0KGgoAAAANSUhEUgAAC0AAAAZUCAIAAAD9vRR6AABuUUlEQVR4nOzczcot9lmGcd+9k51+UC1VQ8Ev0IGFgiCKE0cehefimTly5EQUQSjUgYJfUKKGammb7GRn+2JouMjTYW/W5PebrGetex3Cxf/pww8//CUAAAAAAAAAAB5HwAEAAAAAAAAA8GACDgAAAAAAAACABxNwAAAAAAAAAAAMPT09vXz58sWLF8/H27dvP/vsszdv3jwfz9MXBBwAAAAAAAAAACsvXrx49913P/30088+++zt27dPT0/Pv7zzzjuffPLJ8y/Pf/icgAMAAAAAAAAAYOLp6enVq1dfajWevfj/quP169dvf/YOh4ADAAAAAAAAAGDinXfeefv27Zs3b57vL3n58uXT09Onn376fD8TcAAAAAAAAAAATHz+/Mbbnz2zUU9PT58/wvF8PxNwAAAAAAAAAABMvPfeex9//PHz8XN1FXAAAAAAAAAAAEw00bi6CjgAAAAAAAAAACaaaFxdBRwAAAAAAAAAABNNNK6uAg4AAAAAAAAAgIkmGldXAQcAAAAAAAAAwEQTjaurgAMAAAAAAAAAYKKJxtVVwAEAAAAAAAAAMNFE4+oq4AAAAAAAAAAAmGiicXUVcAAAAAAAAAAATDTRuLoKOAAAAAAAAAAAJppoXF0FHAAAAAAAAAAAE000rq4CDgAAAAAAAACAiSYaV1cBBwAAAAAAAADARBONq6uAAwAAAAAAAABgoonG1VXAAQAAAAAAAAAw0UTj6irgAAAAAAAAAACYaKJxdRVwAAAAAAAAAABMNNG4ugo4AAAAAAAAAAAmmmhcXQUcAAAAAAAAAAATTTSurgIOAAAAAAAAAICJJhpXVwEHAAAAAAAAAMBEE42rq4ADAAAAAAAAAGCiicbVVcABAAAAAAAAADDRROPqKuAAAAAAAAAAAJhoonF1FXAAAAAAAAAAAEw00bi6CjgAAAAAAAAAACaaaFxdBRwAAAAAAAAAABNNNK6uAg4AAAAAAAAAgIkmGldXAQcAAAAAAAAAwEQTjaurgAMAAAAAAAAAYKKJxtVVwAEAAAAAAAAAMNFE4+oq4AAAAAAAAAAAmGiicXUVcAAAAAAAAAAATDTRuLoKOAAAAAAAAAAAJppoXF0FHAAAAAAAAAAAE000rq4CDgAAAAAAAACAiSYaV1cBBwAAAAAAAADARBONq6uAAwAAAAAAAABgoonG1VXAAQAAAAAAAAAw0UTj6irgAAAAAAAAAACYaKJxdRVwAAAAAAAAAABMNNG4ugo4AAAAAAAAAAAmmmhcXQUcAAAAAAAAAAATTTSurgIOAAAAAAAAAICJJhpXVwEHAAAAAAAAAMBEE42rq4ADAAAAAAAAAGCiicbVVcABAAAAAAAAADDRROPqKuAAAAAAAAAAAJhoonF1FXAAAAAAAAAAAEw00bi6CjgAAAAAAAAAACaaaFxdBRwAAAAAAAAAABNNNK6uAg4AAAAAAAAAgIkmGldXAQcAAAAAAAAAwEQTjaurgAMAAAAAAAAAYKKJxtVVwAEAAAAAAAAAMNFE4+oq4AAAAAAAAAAAmGiicXUVcAAAAAAAAAAATDTRuLoKOAAAAAAAAAAAJppoXF0FHAAAAAAAAAAAE000rq4CDgAAAAAAAACAiSYaV1cBBwAAAAAAAADARBONq6uAAwAAAAAAAABgoonG1VXAAQAAAAAAAAAw0UTj6irgAAAAAAAAAACYaKJxdRVwAAAAAAAAAABMNNG4ugo4AAAAAAAAAAAmmmhcXQUcAAAAAAAAAAATTTSurgIOAAAAAAAAAICJJhpXVwEHAAAAAAAAAMBEE42rq4ADAAAAAAAAAGCiicbVVcABAAAAAAAAADDRROPqKuAAAAAAAAAAAJhoonF1FXAAAAAAAAAAAEw00bi6CjgAAAAAAAAAACaaaFxdBRwAAAAAAAAAABNNNK6uAg4AAAAAAAAAgIkmGldXAQcAAAAAAAAAwEQTjaurgAMAAAAAAAAAYKKJxtVVwAEAAAAAAAAAMNFE4+oq4AAAAAAAAAAAmGiicXUVcAAAAAAAAAAATDTRuLoKOAAAAAAAAAAAJppoXF0FHAAAAAAAAAAAE000rq4CDgAAAAAAAACAiSYaV1cBBwAAAAAAAADARBONq6uAAwAAAAAAAABgoonG1VXAAQAAAAAAAAAw0UTj6irgAAAAAAAAAACYaKJxdRVwAAAAAAAAAABMNNG4ugo4AAAAAAAAAAAmmmhcXQUcAAAAAAAAAAATTTSurgIOAAAAAAAAAICJJhpXVwEHAAAAAAAAAMBEE42rq4ADAAAAAAAAAGCiicbVVcABAAAAAAAAADDRROPqKuAAAAAAAAAAAJhoonF1FXAAAAAAAAAAAEw00bi6CjgAAAAAAAAAACaaaFxdBRwAAAAAAAAAABNNNK6uAg4AAAAAAAAAgIkmGldXAQcAAAAAAAAAwEQTjaurgAMAAAAAAAAAYKKJxtVVwAEAAAAAAAAAMNFE4+oq4AAAAAAAAAAAmGiicXUVcAAAAAAAAAAATDTRuLoKOAAAAAAAAAAAJppoXF0FHAAAAAAAAAAAE000rq4CDgAAAAAAAACAiSYaV1cBBwAAAAAAAADARBONq6uAAwAAAAAAAABgoonG1VXAAQAAAAAAAAAw0UTj6irgAAAAAAAAAACYaKJxdRVwAAAAAAAAAABMNNG4ugo4AAAAAAAAAAAmmmhcXQUcAAAAAAAAAAATTTSurgIOAAAAAAAAAICJJhpXVwEHAAAAAAAAAMBEE42rq4ADAAAAAAAAAGCiicbVVcABAAAAAAAAADDRROPqKuAAAAAAAAAAAJhoonF1FXAAAAAAAAAAAEw00bi6CjgAAAAAAAAAACaaaFxdBRwAAAAAAAAAABNNNK6uAg4AAAAAAAAAgIkmGldXAQcAAAAAAAAAwEQTjaurgAMAAAAAAAAAYKKJxtVVwAEAAAAAAAAAMNFE4+oq4AAAAAAAAAAAmGiicXUVcAAAAAAAAAAATDTRuLoKOAAAAAAAAAAAJppoXF0FHAAAAAAAAAAAE000rq4CDgAAAAAAAACAiSYaV1cBBwAAAAAAAADARBONq6uAAwAAAAAAAABgoonG1VXAAQAAAAAAAAAw0UTj6irgAAAAAAAAAACYaKJxdRVwAAAAAAAAAABMNNG4ugo4AAAAAAAAAAAmmmhcXQUcAAAAAAAAAAATTTSurgIOAAAAAAAAAICJJhpXVwEHAAAAAAAAAMBEE42rq4ADAAAAAAAAAGCiicbVVcABAAAAAAAAADDRROPqKuAAAAAAAAAAAJhoonF1FXAAAAAAAAAAAEw00bi6CjgAAAAAAAAAACaaaFxdBRwAAAAAAAAAABNNNK6uAg4AAAAAAAAAgIkmGldXAQcAAAAAAAAAwEQTjaurgAMAAAAAAAAAYKKJxtVVwAEAAAAAAAAAMNFE4+oq4AAAAAAAAAAAmGiicXUVcAAAAAAAAAAATDTRuLoKOAAAAAAAAAAAJppoXF0FHAAAAAAAAAAAE000rq4CDgAAAAAAAACAiSYaV1cBBwAAAAAAAADARBONq6uAAwAAAAAAAABgoonG1VXAAQAAAAAAAAAw0UTj6irgAAAAAAAAAACYaKJxdRVwAAAAAAAAAABMNNG4ugo4AAAAAAAAAAAmmmhcXQUcAAAAAAAAAAATTTSurgIOAAAAAAAAAICJJhpXVwEHAAAAAAAAAMBEE42rq4ADAAAAAAAAAGCiicbVVcABAAAAAAAAADDRROPqKuAAAAAAAAAAAJhoonF1FXAAAAAAAAAAAEw00bi6CjgAAAAAAAAAACaaaFxdBRwAAAAAAAAAABNNNK6uAg4AAAAAAAAAgIkmGldXAQcAAAAAAAAAwEQTjaurgAMAAAAAAAAAYKKJxtVVwAEAAAAAAAAAMNFE4+oq4AAAAAAAAAAAmGiicXUVcAAAAAAAAAAATDTRuLoKOAAAAAAAAAAAJppoXF0FHAAAAAAAAAAAE000rq4CDgAAAAAAAACAiSYaV1cBBwAAAAAAAADARBONq6uAAwAAAAAAAABgoonG1VXAAQAAAAAAAAAw0UTj6irgAAAAAAAAAACYaKJxdRVwAAAAAAAAAABMNNG4ugo4AAAAAAAAAAAmmmhcXQUcAAAAAAAAAAATTTSurgIOAAAAAAAAAICJJhpXVwEHAAAAAAAAAMBEE42rq4ADAAAAAAAAAGCiicbVVcABAAAAAAAAADDRROPqKuAAAAAAAAAAAJhoonF1FXAAAAAAAAAAAEw00bi6CjgAAAAAAAAAACaaaFxdBRwAAAAAAAAAABNNNK6uAg4AAAAAAAAAgIkmGldXAQcAAAAAAAAAwEQTjaurgAMAAAAAAAAAYKKJxtVVwAEAAAAAAAAAMNFE4+oq4AAAAAAAAAAAmGiicXUVcAAAAAAAAAAATDTRuLoKOAAAAAAAAAAAJppoXF0FHAAAAAAAAAAAE000rq4CDgAAAAAAAACAiSYaV1cBBwAAAAAAAADARBONq6uAAwAAAAAAAABgoonG1VXAAQAAAAAAAAAw0UTj6irgAAAAAAAAAACYaKJxdRVwAAAAAAAAAABMNNG4ugo4AAAAAAAAAAAmmmhcXQUcAAAAAAAAAAATTTSurgIOAAAAAAAAAICJJhpXVwEHAAAAAAAAAMBEE42rq4ADAAAAAAAAAGCiicbVVcABAAAAAAAAADDRROPqKuAAAAAAAAAAAJhoonF1FXAAAAAAAAAAAEw00bi6CjgAAAAAAAAAACaaaFxdBRwAAAAAAAAAABNNNK6uAg4AAAAAAAAAgIkmGldXAQcAAAAAAAAAwEQTjaurgAMAAAAAAAAAYKKJxtVVwAEAAAAAAAAAMNFE4+oq4AAAAAAAAAAAmGiicXUVcAAAAAAAAAAATDTRuLoKOAAAAAAAAAAAJppoXF0FHAAAAAAAAAAAE000rq4CDgAAAAAAAACAiSYaV1cBBwAAAAAAAADARBONq6uAAwAAAAAAAABgoonG1VXAAQAAAAAAAAAw0UTj6irgAAAAAAAAAACYaKJxdRVwAAAAAAAAAABMNNG4ugo4AAAAAAAAAAAmmmhcXQUcAAAAAAAAAAATTTSurgIOAAAAAAAAAICJJhpXVwEHAAAAAAAAAMBEE42rq4ADAAAAAAAAAGCiicbVVcABAAAAAAAAADDRROPqKuAAAAAAAAAAAJhoonF1FXAAAAAAAAAAAEw00bi6CjgAAAAAAAAAACaaaFxdBRwAAAAAAAAAABNNNK6uAg4AAAAAAAAAgIkmGldXAQcAAAAAAAAAwEQTjaurgAMAAAAAAAAAYKKJxtVVwAEAAAAAAAAAMNFE4+oq4AAAAAAAAAAAmGiicXUVcAAAAAAAAAAATDTRuLoKOAAAAAAAAAAAJppoXF0FHAAAAAAAAAAAE000rq4CDgAAAAAAAACAiSYaV1cBBwAAAAAAAADARBONq6uAAwAAAAAAAABgoonG1VXAAQAAAAAAAAAw0UTj6irgAAAAAAAAAACYaKJxdRVwAAAAAAAAAABMNNG4ugo4AAAAAAAAAAAmmmhcXQUcAAAAAAAAAAATTTSurgIOAAAAAAAAAICJJhpXVwEHAAAAAAAAAMBEE42rq4ADAAAAAAAAAGCiicbVVcABAAAAAAAAADDRROPqKuAAAAAAAAAAAJhoonF1FXAAAAAAAAAAAEw00bi6CjgAAAAAAAAAACaaaFxdBRwAAAAAAAAAABNNNK6uAg4AAAAAAAAAgIkmGldXAQcAAAAAAAAAwEQTjaurgAMAAAAAAAAAYKKJxtVVwAEAAAAAAAAAMNFE4+oq4AAAAAAAAAAAmGiicXUVcAAAAAAAAAAATDTRuLoKOAAAAAAAAAAAJppoXF0FHAAAAAAAAAAAE000rq4CDgAAAAAAAACAiSYaV1cBBwAAAAAAAADARBONq6uAAwAAAAAAAABgoonG1VXAAQAAAAAAAAAw0UTj6irgAAAAAAAAAACYaKJxdRVwAAAAAAAAAABMNNG4ugo4AAAAAAAAAAAmmmhcXQUcAAAAAAAAAAATTTSurgIOAAAAAAAAAICJJhpXVwEHAAAAAAAAAMBEE42rq4ADAAAAAAAAAGCiicbVVcABAAAAAAAAADDRROPqKuAAAAAAAAAAAJhoonF1FXAAAAAAAAAAAEw00bi6CjgAAAAAAAAAACaaaFxdBRwAAAAAAAAAABNNNK6uAg4AAAAAAAAAgIkmGldXAQcAAAAAAAAAwEQTjaurgAMAAAAAAAAAYKKJxtVVwAEAAAAAAAAAMNFE4+oq4AAAAAAAAAAAmGiicXUVcAAAAAAAAAAATDTRuLoKOAAAAAAAAAAAJppoXF0FHAAAAAAAAAAAE000rq4CDgAAAAAAAACAiSYaV1cBBwAAAAAAAADARBONq6uAAwAAAAAAAABgoonG1VXAAQAAAAAAAAAw0UTj6irgAAAAAAAAAACYaKJxdRVwAAAAAAAAAABMNNG4ugo4AAAAAAAAAAAmmmhcXQUcAAAAAAAAAAATTTSurgIOAAAAAAAAAICJJhpXVwEHAAAAAAAAAMBEE42rq4ADAAAAAAAAAGCiicbVVcABAAAAAAAAADDRROPqKuAAAAAAAAAAAJhoonF1FXAAAAAAAAAAAEw00bi6CjgAAAAAAAAAACaaaFxdBRwAAAAAAAAAABNNNK6uAg4AAAAAAAAAgIkmGldXAQcAAAAAAAAAwEQTjaurgAMAAAAAAAAAYKKJxtVVwAEAAAAAAAAAMNFE4+oq4AAAAAAAAAAAmGiicXUVcAAAAAAAAAAATDTRuLoKOAAAAAAAAAAAJppoXF0FHAAAAAAAAAAAE000rq4CDgAAAAAAAACAiSYaV1cBBwAAAAAAAADARBONq6uAAwAAAAAAAABgoonG1VXAAQAAAAAAAAAw0UTj6irgAAAAAAAAAACYaKJxdRVwAAAAAAAAAABMNNG4ugo4AAAAAAAAAAAmmmhcXQUcAAAAAAAAAAATTTSurgIOAAAAAAAAAICJJhpXVwEHAAAAAAAAAMBEE42rq4ADAAAAAAAAAGCiicbVVcABAAAAAAAAADDRROPqKuAAAAAAAAAAAJhoonF1FXAAAAAAAAAAAEw00bi6CjgAAAAAAAAAACaaaFxdBRwAAAAAAAAAABNNNK6uAg4AAAAAAAAAgIkmGldXAQcAAAAAAAAAwEQTjaurgAMAAAAAAAAAYKKJxtVVwAEAAAAAAAAAMNFE4+oq4AAAAAAAAAAAmGiicXUVcAAAAAAAAAAATDTRuLoKOAAAAAAAAAAAJppoXF0FHAAAAAAAAAAAE000rq4CDgAAAAAAAACAiSYaV1cBBwAAAAAAAADARBONq6uAAwAAAAAAAABgoonG1VXAAQAAAAAAAAAw0UTj6irgAAAAAAAAAACYaKJxdRVwAAAAAAAAAABMNNG4ugo4AAAAAAAAAAAmmmhcXQUcAAAAAAAAAAATTTSurgIOAAAAAAAAAICJJhpXVwEHAAAAAAAAAMBEE42rq4ADAAAAAAAAAGCiicbVVcABAAAAAAAAADDRROPqKuAAAAAAAAAAAJhoonF1FXAAAAAAAAAAAEw00bi6CjgAAAAAAAAAACaaaFxdBRwAAAAAAAAAABNNNK6uAg4AAAAAAAAAgIkmGldXAQcAAAAAAAAAwEQTjaurgAMAAAAAAAAAYKKJxtVVwAEAAAAAAAAAMNFE4+oq4AAAAAAAAAAAmGiicXUVcAAAAAAAAAAATDTRuLoKOAAAAAAAAAAAJppoXF0FHAAAAAAAAAAAE000rq4CDgAAAAAAAACAiSYaV1cBBwAAAAAAAADARBONq6uAAwAAAAAAAABgoonG1VXAAQAAAAAAAAAw0UTj6irgAAAAAAAAAACYaKJxdRVwAAAAAAAAAABMNNG4ugo4AAAAAAAAAAAmmmhcXQUcAAAAAAAAAAATTTSurgIOAAAAAAAAAICJJhpXVwEHAAAAAAAAAMBEE42rq4ADAAAAAAAAAGCiicbVVcABAAAAAAAAADDRROPqKuAAAAAAAAAAAJhoonF1FXAAAAAAAAAAAEw00bi6CjgAAAAAAAAAACaaaFxdBRwAAAAAAAAAABNNNK6uAg4AAAAAAAAAgIkmGldXAQcAAAAAAAAAwEQTjaurgAMAAAAAAAAAYKKJxtVVwAEAAAAAAAAAMNFE4+oq4AAAAAAAAAAAmGiicXUVcAAAAAAAAAAATDTRuLoKOAAAAAAAAAAAJppoXF0FHAAAAAAAAAAAE000rq4CDgAAAAAAAACAiSYaV1cBBwAAAAAAAADARBONq6uAAwAAAAAAAABgoonG1VXAAQAAAAAAAAAw0UTj6irgAAAAAAAAAACYaKJxdRVwAAAAAAAAAABMNNG4ugo4AAAAAAAAAAAmmmhcXQUcAAAAAAAAAAATTTSurgIOAAAAAAAAAICJJhpXVwEHAAAAAAAAAMBEE42rq4ADAAAAAAAAAGCiicbVVcABAAAAAAAAADDRROPqKuAAAAAAAAAAAJhoonF1FXAAAAAAAAAAAEw00bi6CjgAAAAAAAAAACaaaFxdBRwAAAAAAAAAABNNNK6uAg4AAAAAAAAAgIkmGldXAQcAAAAAAAAAwEQTjaurgAMAAAAAAAAAYKKJxtVVwAEAAAAAAAAAMNFE4+oq4AAAAAAAAAAAmGiicXUVcAAAAAAAAAAATDTRuLoKOAAAAAAAAAAAJppoXF0FHAAAAAAAAAAAE000rq4CDgAAAAAAAACAiSYaV1cBBwAAAAAAAADARBONq6uAAwAAAAAAAABgoonG1VXAAQAAAAAAAAAw0UTj6irgAAAAAAAAAACYaKJxdRVwAAAAAAAAAABMNNG4ugo4AAAAAAAAAAAmmmhcXQUcAAAAAAAAAAATTTSurgIOAAAAAAAAAICJJhpXVwEHAAAAAAAAAMBEE42rq4ADAAAAAAAAAGCiicbVVcABAAAAAAAAADDRROPqKuAAAAAAAAAAAJhoonF1FXAAAAAAAAAAAEw00bi6CjgAAAAAAAAAACaaaFxdBRwAAAAAAAAAABNNNK6uAg4AAAAAAAAAgIkmGldXAQcAAAAAAAAAwEQTjaurgAMAAAAAAAAAYKKJxtVVwAEAAAAAAAAAMNFE4+oq4AAAAAAAAAAAmGiicXUVcAAAAAAAAAAATDTRuLoKOAAAAAAAAAAAJppoXF0FHAAAAAAAAAAAE000rq4CDgAAAAAAAACAiSYaV1cBBwAAAAAAAADARBONq6uAAwAAAAAAAABgoonG1VXAAQAAAAAAAAAw0UTj6irgAAAAAAAAAACYaKJxdRVwAAAAAAAAAABMNNG4ugo4AAAAAAAAAAAmmmhcXQUcAAAAAAAAAAATTTSurgIOAAAAAAAAAICJJhpXVwEHAAAAAAAAAMBEE42rq4ADAAAAAAAAAGCiicbVVcABAAAAAAAAADDRROPqKuAAAAAAAAAAAJhoonF1FXAAAAAAAAAAAEw00bi6CjgAAAAAAAAAACaaaFxdBRwAAAAAAAAAABNNNK6uAg4AAAAAAAAAgIkmGldXAQcAAAAAAAAAwEQTjaurgAMAAAAAAAAAYKKJxtVVwAEAAAAAAAAAMNFE4+oq4AAAAAAAAAAAmGiicXUVcAAAAAAAAAAATDTRuLoKOAAAAAAAAAAAJppoXF0FHAAAAAAAAAAAE000rq4CDgAAAAAAAACAiSYaV1cBBwAAAAAAAADARBONq6uAAwAAAAAAAABgoonG1VXAAQAAAAAAAAAw0UTj6irgAAAAAAAAAACYaKJxdRVwAAAAAAAAAABMNNG4ugo4AAAAAAAAAAAmmmhcXQUcAAAAAAAAAAATTTSurgIOAAAAAAAAAICJJhpXVwEHAAAAAAAAAMBEE42rq4ADAAAAAAAAAGCiicbVVcABAAAAAAAAADDRROPqKuAAAAAAAAAAAJhoonF1FXAAAAAAAAAAAEw00bi6CjgAAAAAAAAAACaaaFxdBRwAAAAAAAAAABNNNK6uAg4AAAAAAAAAgIkmGldXAQcAAAAAAAAAwEQTjaurgAMAAAAAAAAAYKKJxtVVwAEAAAAAAAAAMNFE4+oq4AAAAAAAAAAAmGiicXUVcAAAAAAAAAAATDTRuLoKOAAAAAAAAAAAJppoXF0FHAAAAAAAAAAAE000rq4CDgAAAAAAAACAiSYaV1cBBwAAAAAAAADARBONq6uAAwAAAAAAAABgoonG1VXAAQAAAAAAAAAw0UTj6irgAAAAAAAAAACYaKJxdRVwAAAAAAAAAABMNNG4ugo4AAAAAAAAAAAmmmhcXQUcAAAAAAAAAAATTTSurgIOAAAAAAAAAICJJhpXVwEHAAAAAAAAAMBEE42rq4ADAAAAAAAAAGCiicbVVcABAAAAAAAAADDRROPqKuAAAAAAAAAAAJhoonF1FXAAAAAAAAAAAEw00bi6CjgAAAAAAAAAACaaaFxdBRwAAAAAAAAAABNNNK6uAg4AAAAAAAAAgIkmGldXAQcAAAAAAAAAwEQTjaurgAMAAAAAAAAAYKKJxtVVwAEAAAAAAAAAMNFE4+oq4AAAAAAAAAAAmGiicXUVcAAAAAAAAAAATDTRuLoKOAAAAAAAAAAAJppoXF0FHAAAAAAAAAAAE000rq4CDgAAAAAAAACAiSYaV1cBBwAAAAAAAADARBONq6uAAwAAAAAAAABgoonG1VXAAQAAAAAAAAAw0UTj6irgAAAAAAAAAACYaKJxdRVwAAAAAAAAAABMNNG4ugo4AAAAAAAAAAAmmmhcXQUcAAAAAAAAAAATTTSurgIOAAAAAAAAAICJJhpXVwEHAAAAAAAAAMBEE42rq4ADAAAAAAAAAGCiicbVVcABAAAAAAAAADDRROPqKuAAAAAAAAAAAJhoonF1FXAAAAAAAAAAAEw00bi6CjgAAAAAAAAAACaaaFxdBRwAAAAAAAAAABNNNK6uAg4AAAAAAAAAgIkmGldXAQcAAAAAAAAAwEQTjaurgAMAAAAAAAAAYKKJxtVVwAEAAAAAAAAAMNFE4+oq4AAAAAAAAAAAmGiicXUVcAAAAAAAAAAATDTRuLoKOAAAAAAAAAAAJppoXF0FHAAAAAAAAAAAE000rq4CDgAAAAAAAACAiSYaV1cBBwAAAAAAAADARBONq6uAAwAAAAAAAABgoonG1VXAAQAAAAAAAAAw0UTj6irgAAAAAAAAAACYaKJxdRVwAAAAAAAAAABMNNG4ugo4AAAAAAAAAAAmmmhcXQUcAAAAAAAAAAATTTSurgIOAAAAAAAAAICJJhpXVwEHAAAAAAAAAMBEE42rq4ADAAAAAAAAAGCiicbVVcABAAAAAAAAADDRROPqKuAAAAAAAAAAAJhoonF1FXAAAAAAAAAAAEw00bi6CjgAAAAAAAAAACaaaFxdBRwAAAAAAAAAABNNNK6uAg4AAAAAAAAAgIkmGldXAQcAAAAAAAAAwEQTjaurgAMAAAAAAAAAYKKJxtVVwAEAAAAAAAAAMNFE4+oq4AAAAAAAAAAAmGiicXUVcAAAAAAAAAAATDTRuLoKOAAAAAAAAAAAJppoXF0FHAAAAAAAAAAAE000rq4CDgAAAAAAAACAiSYaV1cBBwAAAAAAAADARBONq6uAAwAAAAAAAABgoonG1VXAAQAAAAAAAAAw0UTj6irgAAAAAAAAAACYaKJxdRVwAAAAAAAAAABMNNG4ugo4AAAAAAAAAAAmmmhcXQUcAAAAAAAAAAATTTSurgIOAAAAAAAAAICJJhpXVwEHAAAAAAAAAMBEE42rq4ADAAAAAAAAAGCiicbVVcABAAAAAAAAADDRROPqKuAAAAAAAAAAAJhoonF1FXAAAAAAAAAAAEw00bi6CjgAAAAAAAAAACaaaFxdBRwAAAAAAAAAABNNNK6uAg4AAAAAAAAAgIkmGldXAQcAAAAAAAAAwEQTjaurgAMAAAAAAAAAYKKJxtVVwAEAAAAAAAAAMNFE4+oq4AAAAAAAAAAAmGiicXUVcAAAAAAAAAAATDTRuLoKOAAAAAAAAAAAJppoXF0FHAAAAAAAAAAAE000rq4CDgAAAAAAAACAiSYaV1cBBwAAAAAAAADARBONq6uAAwAAAAAAAABgoonG1VXAAQAAAAAAAAAw0UTj6irgAAAAAAAAAACYaKJxdRVwAAAAAAAAAABMNNG4ugo4AAAAAAAAAAAmmmhcXQUcAAAAAAAAAAATTTSurgIOAAAAAAAAAICJJhpXVwEHAAAAAAAAAMBEE42rq4ADAAAAAAAAAGCiicbVVcABAAAAAAAAADDRROPqKuAAAAAAAAAAAJhoonF1FXAAAAAAAAAAAEw00bi6CjgAAAAAAAAAACaaaFxdBRwAAAAAAAAAABNNNK6uAg4AAAAAAAAAgIkmGldXAQcAAAAAAAAAwEQTjaurgAMAAAAAAAAAYKKJxtVVwAEAAAAAAAAAMNFE4+oq4AAAAAAAAAAAmGiicXUVcAAAAAAAAAAATDTRuLoKOAAAAAAAAAAAJppoXF0FHAAAAAAAAAAAE000rq4CDgAAAAAAAACAiSYaV1cBBwAAAAAAAADARBONq+vTX/7Fnz9/AAAAAAAAAADwi/Ubf/xn//G3f/V8/FxdBRwAAAAAAAAAABNNNK6uAg4AAAAAAAAAgIkmGldXAQcAAAAAAAAAwEQTjaurgAMAAAAAAAAAYKKJxtVVwAEAAAAAAAAAMNFE4+oq4AAAAAAAAAAAmGiicXUVcAAAAAAAAAAATDTRuLoKOAAAAAAAAAAAJppoXF0FHAAAAAAAAAAAE000rq4CDgAAAAAAAACAiSYaV1cBBwAAAAAAAADARBONq6uAAwAAAAAAAABgoonG1VXAAQAAAAAAAAAw0UTj6irgAAAAAAAAAACYaKJxdRVwAAAAAAAAAABMNNG4ugo4AAAAAAAAAAAmmmhcXQUcAAAAAAAAAAATTTSurgIOAAAAAAAAAICJJhpXVwEHAAAAAAAAAMBEE42rq4ADAAAAAAAAAGCiicbVVcABAAAAAAAAADDRROPqKuAAAAAAAAAAAJhoonF1FXAAAAAAAAAAAEw00bi6CjgAAAAAAAAAACaaaFxdBRwAAAAAAAAAABNNNK6uAg4AAAAAAAAAgIkmGldXAQcAAAAAAAAAwEQTjaurgAMAAAAAAAAAYKKJxtVVwAEAAAAAAAAAMNFE4+oq4AAAAAAAAAAAmGiicXUVcAAAAAAAAAAATDTRuLoKOAAAAAAAAAAAJppoXF0FHAAAAAAAAAAAE000rq4CDgAAAAAAAACAiSYaV1cBBwAAAAAAAADARBONq6uAAwAAAAAAAABgoonG1VXAAQAAAAAAAAAw0UTj6irgAAAAAAAAAACYaKJxdRVwAAAAAAAAAABMNNG4ugo4AAAAAAAAAAAmmmhcXQUcAAAAAAAAAAATTTSurgIOAAAAAAAAAICJJhpXVwEHAAAAAAAAAMBEE42rq4ADAAAAAAAAAGCiicbVVcABAAAAAAAAADDRROPqKuAAAAAAAAAAAJhoonF1FXAAAAAAAAAAAEw00bi6CjgAAAAAAAAAACaaaFxdBRwAAAAAAAAAABNNNK6uAg4AAAAAAAAAgIkmGldXAQcAAAAAAAAAwEQTjaurgAMAAAAAAAAAYKKJxtVVwAEAAAAAAAAAMNFE4+oq4AAAAAAAAAAAmGiicXUVcAAAAAAAAAAATDTRuLoKOAAAAAAAAAAAJppoXF0FHAAAAAAAAAAAE000rq4CDgAAAAAAAACAiSYaV1cBBwAAAAAAAADARBONq6uAAwAAAAAAAABgoonG1VXAAQAAAAAAAAAw0UTj6irgAAAAAAAAAACYaKJxdRVwAAAAAAAAAABMNNG4ugo4AAAAAAAAAAAmmmhcXQUcAAAAAAAAAAATTTSurgIOAAAAAAAAAICJJhpXVwEHAAAAAAAAAMBEE42rq4ADAAAAAAAAAGCiicbVVcABAAAAAAAAADDRROPqKuAAAAAAAAAAAJhoonF1FXAAAAAAAAAAAEw00bi6CjgAAAAAAAAAACaaaFxdBRwAAAAAAAAAABNNNK6uAg4AAAAAAAAAgIkmGldXAQcAAAAAAAAAwEQTjaurgAMAAAAAAAAAYKKJxtVVwAEAAAAAAAAAMNFE4+oq4AAAAAAAAAAAmGiicXUVcAAAAAAAAAAATDTRuLoKOAAAAAAAAAAAJppoXF0FHAAAAAAAAAAAE000rq4CDgAAAAAAAACAiSYaV1cBBwAAAAAAAADARBONq6uAAwAAAAAAAABgoonG1VXAAQAAAAAAAAAw0UTj6irgAAAAAAAAAACYaKJxdRVwAAAAAAAAAABMNNG4ugo4AAAAAAAAAAAmmmhcXQUcAAAAAAAAAAATTTSurgIOAAAAAAAAAICJJhpXVwEHAAAAAAAAAMBEE42rq4ADAAAAAAAAAGCiicbVVcABAAAAAAAAADDRROPqKuAAAAAAAAAAAJhoonF1FXAAAAAAAAAAAEw00bi6CjgAAAAAAAAAACaaaFxdBRwAAAAAAAAAABNNNK6uAg4AAAAAAAAAgIkmGldXAQcAAAAAAAAAwEQTjaurgAMAAAAAAAAAYKKJxtVVwAEAAAAAAAAAMNFE4+oq4AAAAAAAAAAAmGiicXUVcAAAAAAAAAAATDTRuLoKOAAAAAAAAAAAJppoXF0FHAAAAAAAAAAAE000rq4CDgAAAAAAAACAiSYaV1cBBwAAAAAAAADARBONq6uAAwAAAAAAAABgoonG1VXAAQAAAAAAAAAw0UTj6irgAAAAAAAAAACYaKJxdRVwAAAAAAAAAABMNNG4ugo4AAAAAAAAAAAmmmhcXQUcAAAAAAAAAAATTTSurgIOAAAAAAAAAICJJhpXVwEHAAAAAAAAAMBEE42rq4ADAAAAAAAAAGCiicbVVcABAAAAAAAAADDRROPqKuAAAAAAAAAAAJhoonF1FXAAAAAAAAAAAEw00bi6CjgAAAAAAAAAACaaaFxdBRwAAAAAAAAAABNNNK6uAg4AAAAAAAAAgIkmGldXAQcAAAAAAAAAwEQTjaurgAMAAAAAAAAAYKKJxtVVwAEAAAAAAAAAMNFE4+oq4AAAAAAAAAAAmGiicXUVcAAAAAAAAAAATDTRuLoKOAAAAAAAAAAAJppoXF0FHAAAAAAAAAAAE000rq4CDgAAAAAAAACAiSYaV1cBBwAAAAAAAADARBONq6uAAwAAAAAAAABgoonG1VXAAQAAAAAAAAAw0UTj6irgAAAAAAAAAACYaKJxdRVwAAAAAAAAAABMNNG4ugo4AAAAAAAAAAAmmmhcXQUcAAAAAAAAAAATTTSurgIOAAAAAAAAAICJJhpXVwEHAAAAAAAAAMBEE42rq4ADAAAAAAAAAGCiicbVVcABAAAAAAAAADDRROPqKuAAAAAAAAAAAJhoonF1FXAAAAAAAAAAAEw00bi6CjgAAAAAAAAAACaaaFxdBRwAAAAAAAAAABNNNK6uAg4AAAAAAAAAgIkmGldXAQcAAAAAAAAAwEQTjaurgAMAAAAAAAAAYKKJxtVVwAEAAAAAAAAAMNFE4+oq4AAAAAAAAAAAmGiicXUVcAAAAAAAAAAATDTRuLoKOAAAAAAAAAAAJppoXF0FHAAAAAAAAAAAE000rq4CDgAAAAAAAACAiSYaV1cBBwAAAAAAAADARBONq6uAAwAAAAAAAABgoonG1VXAAQAAAAAAAAAw0UTj6irgAAAAAAAAAACYaKJxdRVwAAAAAAAAAABMNNG4ugo4AAAAAAAAAAAmmmhcXQUcAAAAAAAAAAATTTSurgIOAAAAAAAAAICJJhpXVwEHAAAAAAAAAMBEE42rq4ADAAAAAAAAAGCiicbVVcABAAAAAAAAADDRROPqKuAAAAAAAAAAAJhoonF1FXAAAAAAAAAAAEw00bi6CjgAAAAAAAAAACaaaFxdBRwAAAAAAAAAABNNNK6uAg4AAAAAAAAAgIkmGldXAQcAAAAAAAAAwEQTjaurgAMAAAAAAAAAYKKJxtVVwAEAAAAAAAAAMNFE4+oq4AAAAAAAAAAAmGiicXUVcAAAAAAAAAAATDTRuLoKOAAAAAAAAAAAJppoXF0FHAAAAAAAAAAAE000rq4CDgAAAAAAAACAiSYaV1cBBwAAAAAAAADARBONq6uAAwAAAAAAAABgoonG1VXAAQAAAAAAAAAw0UTj6irgAAAAAAAAAACYaKJxdRVwAAAAAAAAAABMNNG4ugo4AAAAAAAAAAAmmmhcXQUcAAAAAAAAAAAT3/6DP/3P7//dm9cfPd9f8vLVV379O3/0g3/46+f7mYADAAAAAAAAAGDim7/znTcf/+RHP/jX5/tLvvHt33753td++C/ff76fCTgAAAAAAAAAACbe/erX3//un/zXP/79xz/64fPXL7z3jW/+2u//4Qff+5tPfvrj56/PBBwAAAAAAAAAACtf/db73/rd7/7vv//TTz784M3rj16++srXvvX+L//m7334z9/76YcfPP/hcwIOAAAAAAAAAIChd7/69a+//1tf+ZVfffnq1ZvXrz/6n//+8Qf/9sXbG58TcAAAAAAAAAAAPJiAAwAAAAAAAADgwQQcAAAAAAAAAAAPJuAAAAAAAAAAAHgwAQcAAAAAAAAAwIMJOAAAAAAAAAAAHkzAAQAAAAAAAADwYAIOAAAAAAAAAIAHE3AAAAAAAAAAADyYgAMAAAAAAAAA4MEEHAAAAAAAAAAADybgAAAAAAAAAAB4MAEHAAAAAAAAAMCDCTgAAAAAAAAAAB5MwAEAAAAAAAAA8GACDgAAAAAAAACABxNwAAAAAAAAAAA8mIADAAAAAAAAAODBBBwAAAAAAAAAAA8m4AAAAAAAAAAAeDABBwAAAAAAAADAgwk4AAAAAAAAAAAeTMABAAAAAAAAAPBgAg4AAAAAAAAAgAcTcAAAAAAAAAAAPJiAAwAAAAAAAADgwQQcAAAAAAAAAAAPJuAAAAAAAAAAAHgwAQcAAAAAAAAAwIMJOAAAAAAAAAAAHkzAAQAAAAAAAADwYAIOAAAAAAAAAIAHE3AAAAAAAAAAADyYgAMAAAAAAAAA4MEEHAAAAAAAAAAADybgAAAAAAAAAAB4MAEHAAAAAAAAAMCDCTgAAAAAAAAAAB5MwAEAAAAAAAAA8GACDgAAAAAAAACABxNwAAAAAAAAAAA8mIADAAAAAAAAAODBBBwAAAAAAAAAAA8m4AAAAAAAAACA/2vvbtKizPK8j0s4TiJqARA8C1CYtwgLUHIBJbiAVmsBmVmDNmsBpdkLEKyeJ+YCROxxKS6geJl3R+BYeH5XnIu4IvElzUzgj9mfz+DUuQ/nfjGyZvG97oBiAg4AAAAAAAAAgGICDgAAAAAAAACAYgIOAAAAAAAAAIBiAg4AAAAAAAAAgGICDgAAAAAAAACAYgIOAAAAAAAAAIBiAg4AAAAAAAAAgGICDgAAAAAAAACAYgIOAAAAAAAAAIBiAg4AAAAAAAAAgGICDgAAAAAAAACAYgIOAAAAAAAAAIBiAg4AAAAAAAAAgGICDgAAAAAAAACAYgIOAAAAAAAAAIBiAg4AAAAAAAAAgGICDgAAAAAAAACAYgIOAAAAAAAAAIBiAg4AAAAAAAAAgGICDgAAAAAAAACAYgIOAAAAAAAAAIBiAg4AAAAAAAAAgGICDgAAAAAAAACAYgIOAAAAAAAAAIBiAg4AAAAAAAAAgGICDgAAAAAAAACAYgIOAAAAAAAAAIBiAg4AAAAAAAAAgGICDgAAAAAAAACAYgIOAAAAAAAAAIBiAg4AAAAAAAAAgGICDgAAAAAAAACAYgIOAAAAAAAAAIBiAg4AAAAAAAAAgGICDgAAAAAAAACAYgIOAAAAAAAAAIBiAg4AAAAAAAAAgGICDgAAAAAAAACAYgIOAAAAAAAAAIBiAg4AAAAAAAAAgGICDgAAAAAAAACAYgIOAAAAAAAAAIBiAg4AAAAAAAAAgGICDgAAAAAAAACAYgIOAAAAAAAAAIBiAg4AAAAAAAAAgGICDgAAAAAAAACAYgIOAAAAAAAAAIBiAg4AAAAAAAAAgGICDgAAAAAAAACAYgIOAAAAAAAAAIBiAg4AAAAAAAAAgGICDgAAAAAAAACAYgIOAAAAAAAAAIBiAg4AAAAAAAAAgGICDgAAAAAAAACAYgIOAAAAAAAAAIBiAg4AAAAAAAAAgGICDgAAAAAAAACAYgIOAAAAAAAAAIBiAg4AAAAAAAAAgGICDgAAAAAAAACAYgIOAAAAAAAAAIBiAg4AAAAAAAAAgGICDgAAAAAAAACAYgIOAAAAAAAAAIBiAg4AAAAAAAAAgGICDgAAAAAAAACAYgIOAAAAAAAAAIBiAg4AAAAAAAAAgGICDgAAAAAAAACAYgIOAAAAAAAAAIBiAg4AAAAAAAAAgGICDgAAAAAAAACAYgIOAAAAAAAAAIBiAg4AAAAAAAAAgGICDgAAAAAAAACAYgIOAAAAAAAAAIBiAg4AAAAAAAAAgGICDgAAAAAAAACAYgIOAAAAAAAAAIBiAg4AAAAAAAAAgGICDgAAAAAAAACAYgIOAAAAAAAAAIBiAg4AAAAAAAAAgGICDgAAAAAAAACAYgIOAAAAAAAAAIBiAg4AAAAAAAAAgGICDgAAAAAAAACAYgIOAAAAAAAAAIBiAg4AAAAAAAAAgGICDgAAAAAAAACAYgIOAAAAAAAAAIBiAg4AAAAAAAAAgGICDgAAAAAAAACAYgIOAAAAAAAAAIBiAg4AAAAAAAAAgGICDgAAAAAAAACAYgIOAAAAAAAAAIBiAg4AAAAAAAAAgGICDgAAAAAAAACAYgIOAAAAAAAAAIBiAg4AAAAAAAAAgGICDgAAAAAAAACAYgIOAAAAAAAAAIBiAg4AAAAAAAAAgGICDgAAAAAAAACAYgIOAAAAAAAAAIBiAg4AAAAAAAAAgGICDgAAAAAAAACAYgIOAAAAAAAAAIBiAg4AAAAAAAAAgGICDgAAAAAAAACAYgIOAAAAAAAAAIBiAg4AAAAAAAAAgGICDgAAAAAAAACAYgIOAAAAAAAAAIBiAg4AAAAAAAAAgGICDgAAAAAAAACAYgIOAAAAAAAAAIBiAg4AAAAAAAAAgGICDgAAAAAAAACAYgIOAAAAAAAAAIBiAg4AAAAAAAAAgGICDgAAAAAAAACAYgIOAAAAAAAAAIBiAg4AAAAAAAAAgGICDgAAAAAAAACAYgIOAAAAAAAAAIBiAg4AAAAAAAAAgGICDgAAAAAAAACAYgIOAAAAAAAAAIBiAg4AAAAAAAAAgGICDgAAAAAAAACAYgIOAAAAAAAAAIBiAg4AAAAAAAAAgGICDgAAAAAAAACAYgIOAAAAAAAAAIBiAg4AAAAAAAAAgGICDgAAAAAAAACAYgIOAAAAAAAAAIBiAg4AAAAAAAAAgGJT//M//5P/AQAAAAAAAACgioADAAAAAAAAAKCYgAMAAAAAAAAAoJiAAwAAAAAAAACgmIADAAAAAAAAAKCYgAMAAAAAAAAAoJiAAwAAAAAAAACgmIADAAAAAAAAAKCYgAMAAAAAAAAAoJiAAwAAAAAAAACgmIADAAAAAAAAAKCYgAMAAAAAAAAAoJiAAwAAAAAAAACgmIADAAAAAAAAAKCYgAMAAAAAAAAAoJiAAwAAAAAAAACgmIADAAAAAAAAAKCYgAMAAAAAAAAAoJiAAwAAAAAAAACgmIADAAAAAAAAAKCYgAMAAAAAAAAAoJiAAwAAAAAAAACgmIADAAAAAAAAAKCYgAMAAAAAAAAAoJiAAwAAAAAAAACgmIADAAAAAAAAAKCYgAMAAAAAAAAAoJiAAwAAAAAAAACgmIADAAAAAAAAAKCYgAMAAAAAAAAAoJiAAwAAAAAAAACgmIADAAAAAAAAAKCYgAMAAAAAAAAAoJiAAwAAAAAAAACgmIADAAAAAAAAAKCYgAMAAAAAAAAAoJiAAwAAAAAAAACgmIADAAAAAAAAAKCYgAMAAAAAAAAAoJiAAwAAAAAAAACgmIADAAAAAAAAAKCYgAMAAAAAAAAAoJiAAwAAAAAAAACgmIADAAAAAAAAAKCYgAMAAAAAAAAAoJiAAwAAAAAAAACgmIADAAAAAAAAAKCYgAMAAAAAAAAAoJiAAwAAAAAAAACgmIADAAAAAAAAAKCYgAMAAAAAAAAAoJiAAwAAAAAAAACgmIADAAAAAAAAAKCYgAMAAAAAAAAAoJiAAwAAAAAAAACgmIADAAAAAAAAAKCYgAMAAAAAAAAAoJiAAwAAAAAAAACgmIADAAAAAAAAAKCYgAMAAAAAAAAAoJiAAwAAAAAAAACgmIADAAAAAAAAAKCYgAMAAAAAAAAAoJiAAwAAAAAAAACgmIADAAAAAAAAAKCYgAMAAAAAAAAAoJiAAwAAAAAAAACgmIADAAAAAAAAAKCYgAMAAAAAAAAAoJiAAwAAAAAAAACgmIADAAAAAAAAAKCYgAMAAAAAAAAAoJiAAwAAAAAAAACgmIADAAAAAAAAAKCYgAMAAAAAAAAAoJiAAwAAAAAAAACgmIADAAAAAAAAAKCYgAMAAAAAAAAAoJiAAwAAAAAAAACgmIADAAAAAAAAAKCYgAMAAAAAAAAAoJiAAwAAAAAAAACgmIADAAAAAAAAAKCYgAMAAAAAAAAAoJiAAwAAAAAAAACgmIADAAAAAAAAAKCYgAMAAAAAAAAAoJiAAwAAAAAAAACgmIADAAAAAAAAAKCYgAMAAAAAAAAAoJiAAwAAAAAAAACgmIADAAAAAAAAAKCYgAMAAAAAAAAAoJiAAwAAAAAAAACgmIADAAAAAAAAAKCYgAMAAAAAAAAAoJiAAwAAAAAAAACgmIADAAAAAAAAAKCYgAMAAAAAAAAAoJiAAwAAAAAAAACgmIADAAAAAAAAAKCYgAMAAAAAAAAAoJiAAwAAAAAAAACgmIADAAAAAAAAAKCYgAMAAAAAAAAAoJiAAwAAAAAAAACgmIADAAAAAAAAAKCYgAMAAAAAAAAAoJiAAwAAAAAAAACgmIADAAAAAAAAAKCYgAMAAAAAAAAAoJiAAwAAAAAAAACgmIADAAAAAAAAAKCYgAMAAAAAAAAAoJiAAwAAAAAAAACgmIADAAAAAAAAAKCYgAMAAAAAAAAAoJiAAwAAAAAAAACgmIADAAAAAAAAAKCYgAMAAAAAAAAAoJiAAwAAAAAAAACgmIADAAAAAAAAAKCYgAMAAAAAAAAAoJiAAwAAAAAAAACgmIADAAAAAAAAAKCYgAMAAAAAAAAAoJiAAwAAAAAAAACgmIADAAAAAAAAAKCYgAMAAAAAAAAAoJiAAwAAAAAAAACgmIADAAAAAAAAAKCYgAMAAAAAAAAAoJiAAwAAAAAAAACgmIADAAAAAAAAAKCYgAMAAAAAAAAAoJiAAwAAAAAAAACgmIADAAAAAAAAAKCYgAMAAAAAAAAAoJiAAwAAAAAAAACgmIADAAAAAAAAAKCYgAMAAAAAAAAAoJiAAwAAAAAAAACgmIADAAAAAAAAAKCYgAMAAAAAAAAAoJiAAwAAAAAAAACgmIADAAAAAAAAAKCYgAMAAAAAAAAAoJiAAwAAAAAAAACgmIADAAAAAAAAAKCYgAMAAAAAAAAAoJiAAwAAAAAAAACgmIADAAAAAAAAAKCYgAMAAAAAAAAAoJiAAwAAAAAAAACgmIADAAAAAAAAAKCYgAMAAAAAAAAAoJiAAwAAAAAAAACgmIADAAAAAAAAAKCYgAMAAAAAAAAAoJiAAwAAAAAAAACgmIADAAAAAAAAAKCYgAMAAAAAAAAAoJiAAwAAAAAAAACgmIADAAAAAAAAAKCYgAMAAAAAAAAAoJiAAwAAAAAAAACgmIADAAAAAAAAAKCYgAMAAAAAAAAAoJiAAwAAAAAAAACgmIADAAAAAAAAAKCYgAMAAAAAAAAAoJiAAwAAAAAAAACgmIADAAAAAAAAAKCYgAMAAAAAAAAAoJiAAwAAAAAAAACgmIADAAAAAAAAAKCYgAMAAAAAAAAAoJiAAwAAAAAAAACgmIADAAAAAAAAAKCYgAMAAAAAAAAAoJiAAwAAAAAAAACgmIADAAAAAAAAAKCYgAMAAAAAAAAAoJiAAwAAAAAAAACgmIADAAAAAAAAAKCYgAMAAAAAAAAAoJiAAwAAAAAAAACgmIADAAAAAAAAAKCYgAMAAAAAAAAAoJiAAwAAAAAAAACgmIADAAAAAAAAAKCYgAMAAAAAAAAAoJiAAwAAAAAAAACgmIADAAAAAAAAAKCYgAMAAAAAAAAAoJiAAwAAAAAAAACgmIADAAAAAAAAAKCYgAMAAAAAAAAAoJiAAwAAAAAAAACgmIADAAAAAAAAAKCYgAMAAAAAAAAAoJiAAwAAAAAAAACgmIADAAAAAAAAAKCYgAMAAAAAAAAAoJiAAwAAAAAAAACgmIADAAAAAAAAAKCYgAMAAAAAAAAAoJiAAwAAAAAAAACgmIADAAAAAAAAAKCYgAMAAAAAAAAAoJiAAwAAAAAAAACgmIADAAAAAAAAAKCYgAMAAAAAAAAAoJiAAwAAAAAAAACgmIADAAAAAAAAAKCYgAMAAAAAAAAAoJiAAwAAAAAAAACgmIADAAAAAAAAAKCYgAMAAAAAAAAAoJiAAwAAAAAAAACgmIADAAAAAAAAAKCYgAMAAAAAAAAAoJiAAwAAAAAAAACgmIADAAAAAAAAAKCYgAMAAAAAAAAAoJiAAwAAAAAAAACgmIADAAAAAAAAAKCYgAMAAAAAAAAAoJiAAwAAAAAAAACgmIADAAAAAAAAAKCYgAMAAAAAAAAAoJiAAwAAAAAAAACgmIADAAAAAAAAAKCYgAMAAAAAAAAAoJiAAwAAAAAAAACgmIADAAAAAAAAAKCYgAMAAAAAAAAAoJiAAwAAAAAAAACgmIADAAAAAAAAAKCYgAMAAAAAAAAAoJiAAwAAAAAAAACgmIADAAAAAAAAAKCYgAMAAAAAAAAAoJiAAwAAAAAAAACgmIADAAAAAAAAAKCYgAMAAAAAAAAAoJiAAwAAAAAAAACgmIADAAAAAAAAAKCYgAMAAAAAAAAAoJiAAwAAAAAAAACgmIADAAAAAAAAAKCYgAMAAAAAAAAAoJiAAwAAAAAAAACgmIADAAAAAAAAAKCYgAMAAAAAAAAAoJiAAwAAAAAAAACgmIADAAAAAAAAAKCYgAMAAAAAAAAAoJiAAwAAAAAAAACgmIADAAAAAAAAAKCYgAMAAAAAAAAAoJiAAwAAAAAAAACgmIADAAAAAAAAAKCYgAMAAAAAAAAAoJiAAwAAAAAAAACgmIADAAAAAAAAAKCYgAMAAAAAAAAAoJiAAwAAAAAAAACgmIADAAAAAAAAAKCYgAMAAAAAAAAAoJiAAwAAAAAAAACgmIADAAAAAAAAAKCYgAMAAAAAAAAAoJiAAwAAAAAAAACgmIADAAAAAAAAAKCYgAMAAAAAAAAAoJiAAwAAAAAAAACgmIADAAAAAAAAAKCYgAMAAAAAAAAAoJiAAwAAAAAAAACgmIADAAAAAAAAAKCYgAMAAAAAAAAAoJiAAwAAAAAAAACgmIADAAAAAAAAAKCYgAMAAAAAAAAAoJiAAwAAAAAAAACgmIADAAAAAAAAAKCYgAMAAAAAAAAAoJiAAwAAAAAAAACgmIADAAAAAAAAAKCYgAMAAAAAAAAAoJiAAwAAAAAAAACgmIADAAAAAAAAAKCYgAMAAAAAAAAAoJiAAwAAAAAAAACgmIADAAAAAAAAAKCYgAMAAAAAAAAAoJiAAwAAAAAAAACgmIADAAAAAAAAAKCYgAMAAAAAAAAAoJiAAwAAAAAAAACgmIADAAAAAAAAAKCYgAMAAAAAAAAAoJiAAwAAAAAAAACgmIADAAAAAAAAAKCYgAMAAAAAAAAAoJiAAwAAAAAAAACgmIADAAAAAAAAAKCYgAMAAAAAAAAAoJiAAwAAAAAAAACgmIADAAAAAAAAAKCYgAMAAAAAAAAAoJiAAwAAAAAAAACgmIADAAAAAAAAAKCYgAMAAAAAAAAAoJiAAwAAAAAAAACgmIADAAAAAAAAAKCYgAMAAAAAAAAAoJiAAwAAAAAAAACgmIADAAAAAAAAAKCYgAMAAAAAAAAAoJiAAwAAAAAAAACgmIADAAAAAAAAAKCYgAMAAAAAAAAAoJiAAwAAAAAAAACgmIADAAAAAAAAAKCYgAMAAAAAAAAAoJiAAwAAAAAAAACgmIADAAAAAAAAAKCYgAMAAAAAAAAAoJiAAwAAAAAAAACgmIADAAAAAAAAAKCYgAMAAAAAAAAAoJiAAwAAAAAAAACgmIADAAAAAAAAAKCYgAMAAAAAAAAAoJiAAwAAAAAAAACgmIADAAAAAAAAAKCYgAMAAAAAAAAAoJiAAwAAAAAAAACgmIADAAAAAAAAAKCYgAMAAAAAAAAAoJiAAwAAAAAAAACgmIADAAAAAAAAAKCYgAMAAAAAAAAAoJiAAwAAAAAAAACgmIADAAAAAAAAAKCYgAMAAAAAAAAAoJiAAwAAAAAAAACgmIADAAAAAAAAAKCYgAMAAAAAAAAAoJiAAwAAAAAAAACgmIADAAAAAAAAAKCYgAMAAAAAAAAAoJiAAwAAAAAAAACgmIADAAAAAAAAAKCYgAMAAAAAAAAAoJiAAwAAAAAAAACgmIADAAAAAAAAAKCYgAMAAAAAAAAAoJiAAwAAAAAAAACgmIADAAAAAAAAAKCYgAMAAAAAAAAAoJiAAwAAAAAAAACgmIADAAAAAAAAAKCYgAMAAAAAAAAAoJiAAwAAAAAAAACgmIADAAAAAAAAAKCYgAMAAAAAAAAAoJiAAwAAAAAAAACgmIADAAAAAAAAAKCYgAMAAAAAAAAAoJiAAwAAAAAAAACgmIADAAAAAAAAAKCYgAMAAAAAAAAAoJiAAwAAAAAAAACgmIADAAAAAAAAAKCYgAMAAAAAAAAAoJiAAwAAAAAAAACgmIADAAAAAAAAAKCYgAMAAAAAAAAAoJiAAwAAAAAAAACgmIADAAAAAAAAAKCYgAMAAAAAAAAAoJiAAwAAAAAAAACgmIADAAAAAAAAAKCYgAMAAAAAAAAAoJiAAwAAAAAAAACgmIADAAAAAAAAAKCYgAMAAAAAAAAAoJiAAwAAAAAAAACgmIADAAAAAAAAAKCYgAMAAAAAAAAAoJiAAwAAAAAAAACgmIADAAAAAAAAAKCYgAMAAAAAAAAAoJiAAwAAAAAAAACgmIADAAAAAAAAAKCYgAMAAAAAAAAAoJiAAwAAAAAAAACgmIADAAAAAAAAAKCYgAMAAAAAAAAAoJiAAwAAAAAAAACgmIADAAAAAAAAAKCYgAMAAAAAAAAAoJiAAwAAAAAAAACgmIADAAAAAAAAAKCYgAMAAAAAAAAAoJiAAwAAAAAAAACgmIADAAAAAAAAAKCYgAMAAAAAAAAAoJiAAwAAAAAAAACgmIADAAAAAAAAAKCYgAMAAAAAAAAAoJiAAwAAAAAAAACgmIADAAAAAAAAAKCYgAMAAAAAAAAAoJiAAwAAAAAAAACgmIADAAAAAAAAAKCYgAMAAAAAAAAAoJiAAwAAAAAAAACgmIADAAAAAAAAAKCYgAMAAAAAAAAAoJiAAwAAAAAAAACgmIADAAAAAAAAAKCYgAMAAAAAAAAAoJiAAwAAAAAAAACgmIADAAAAAAAAAKCYgAMAAAAAAAAAoJiAAwAAAAAAAACgmIADAAAAAAAAAKCYgAMAAAAAAAAAoJiAAwAAAAAAAACgmIADAAAAAAAAAKCYgAMAAAAAAAAAoJiAAwAAAAAAAACgmIADAAAAAAAAAKCYgAMAAAAAAAAAoJiAAwAAAAAAAACgmIADAAAAAAAAAKCYgAMAAAAAAAAAoJiAAwAAAAAAAACgmIADAAAAAAAAAKCYgAMAAAAAAAAAoJiAAwAAAAAAAACgmIADAAAAAAAAAKCYgAMAAAAAAAAAoJiAAwAAAAAAAACgmIADAAAAAAAAAKDYlxFwTE1NZXzf8fFxRgAAAAAAAACAL9plDzhaujE5Ni3dmBwBAAAAAAAAAL5QlzrgmJrQDjM2LdrIOJZDAAAAAAAAAIAv0eUNOKYmHB4evnnzZnekd2JxcbHb7R4dHR2fyFkAAAAAAAAAAF+cSxpwTJ3odDr7+/vr6+tZPKXb7S4sLCwuLmo4AAAAAAAAAIAv2mUMOKZGP5XSGdne3t7a2srhxywvL9+4ceNoJIcaDgAAAAAAAADgi1MccLRW41R1kcXodDoHBwcffPfGpF6vt7KyMjMzc3TyHo4sNrlIxmZyHQAAAAAAAADgUqkJOCbTig/qjDx9+nR3d/fKL+n1evfu3fvMgGM8AQAAAAAAAAC4JC464GhRRcbIZNJkWtEZefjwYeZjy8vL8/Pzmbx+/fr58+dXJty/f396evpo9Csq0S7exmhXHo+RCQAAAAAAAADAJXGhAcfUewaDwXA47Pf7xyeyLTqdzs7OzubmZubN3Nzc2tpa25AT19fXJ1/OkT/Nzs7mr5G/Nrn43t5er9frjuRPk3IWAAAAAAAAAMBlcHEBx9SJTqezv7+/tbW1t7eX9eh2u3/605/6/f7i4mIOI9tevHiRPZk3y8vL+WsLL97/69LS0s2bN9tfh8Ph9vb2q1evMh/r9Xrz8/PtCkfv/dgKAAAAAAAAAEChCwo4pkY6nU7Gly9fnvoBlLHl5eWbN29mEpubm5MRxsrKyvXr149GP5KS65x6P0e/3797924me3t7T548yeSDlpaWFhcXc5HjE1kEAAAAAAAAAKh1EQHH1NRUxs7I06dPJ3/65H3dbndubu5Pf/rTqchjZWXl2rVrLbnIBQ8ODtbX1zMf6418+uKxsLBw69ato5F2NQAAAAAAAACAWhcUcESn03m/uvh833333bt371pykau9fft2c3Nz7+RHWD5fr9dbWVmZmZlpAUdkEQAAAAAAAACg0AUFHJ2RH374YTAYZGWs1+sdHx8Ph8PMP2H80yeRw3bBN2/ebE78isoHLSws/Otf/zp1/X6/v7q6mktF7p4VAAAAAAAAAIBC5x5wTJ24evXqw4cPszK2NDIYDPb29ra2tjLJ4vvm5ubu3LnTYovISq4WnU5ne3s7J2blff1+/+7du5lE9kQmTbfbvX//fi4Y7YIAAAAAAAAAAIUuKODofOiFGX/961+PR7JhOBzmr7u7u1cm9Hq9+fn5xcXF7GmxRWQ9+5tcNic+e/Zs8sSctbCw0M7KYbZlz6NHjzIfW11dnRn9ikrmbRsAAAAAAAAAQJWLCzgODg7W19ez0rQ3ZByNsowcRrYNh8O9vb39/f1ut5sNs7Oz+eukbGuyeVI7Meu9Xi9nZZLNkT9F7v73v/99OPFDKvfv3//qq69y98yzLSMAAAAAAAAAQJWygKPb7d69e3d6enpcUWRbZD6WxWiT8TjWNmeMNskYbVvGrERuvbOz8+OPP2Zx7Lvvvnv37l1unW05BAAAAAAAAAAodO4BR7SK4u3bt48fP87h2MLCwu3bt49Gcng8Si4yGctKxmZy3kxunpy3nVlpct9Tv58yNzd3586d3DTaZgAAAAAAAACAQhcXcMSzZ89ev36dlbHl5eUbN24cjeTwDOWmkZtubGy0X1cZW1tbm5mZyR2PR7ICAAAAAAAAAFDoggKO6HQ6h4eHGxsbg8Egi02v17t3797RSA4nc4qckrFp8zY2451t0sax7Izc8dTvtsTCwsKtW7dyu5zSZBEAAAAAAAAAoNDFBRzR6XT29/fXf15UfOx9GNnfxrEcTsrmsXaYscnmyO1evny5tbWVlabb7f7lL3/JvSL7m6wDAAAAAAAAABQ694BjahReZIzOyJMnT/YmftNkZWXl2rVr46IiK5HNk3Z2dg4PD//1r3/lxG632xvp9/vXr1/PKZNybuSUyL1++umnyR9tWRrJvSKbI4sxngAAAAAAAAAAXLxzDDimJtKNSY8ePZr8FZX3A47saTqdznA43Nzc3JsIPib1er3V1dVutzs+PbKecyOn//d///fz58+vnOj3+3fv3j1+T/7URgAAAAAAAACAi3deAcfUe4Yjr1+/fvXqVTaM3b9//6uvvjo+kZ1NZ/QDKJP5xQf1er2FhYUbN26MG44sRrvCwcHBqV9syeZerzc9Pd3v97vdbvZPygYAAAAAAAAAgAt2LgHH1ITDw8Pt7e1T0cbYwsLCrVu3jkZy2HRGPqfeGFteXm4NR+Qwcut4+/btxsbGYOKFH5N6H3mBBwAAAAAAAADARTr7gGNq9MspnZH9/f31n78A45S1tbWZmZnWT+QwcnpOPDw8fPz4cQ4/U6/XW1lZef9SV69e3dnZ2dzczOEHdbvdhYWFxcXFdmKTdQAAAAAAAACAC3MuAUd0PvTzJacsfPz1GxsbG3t7ezkc6/f7S0tLc3Nzg5Gtra29n2/o9Xr37t3LpSKHkceIt2/f7uzsZH9WPmZlZeXatWvHx8c5N2NWAAAAAAAAAAAuzBkHHFMnPhhhTFpaWpp870VWop345s2bU+/MmJ+fX1lZGW+L7Nze3j71GyufeJ/Hzicbjm63m3Onp6fbuZFFAAAAAAAAAICLcS4BR6fT2d7efvHiRVYm9Xq9+fn5TG7evHl88rqLJos5Ma5evfry5cvJMqPf76+trWVP9uewyS2yeX19fbIRaVHIu3fvsjmyIYsZI/uHJ3LKYDDY3d29MiHn3rhxI7fIiZEVAAAAAAAAAICLcfYBR2fk2bNnr1+/zkrT7/e//vrrbrd7PJKVjGM5jI+dmxOvXbs2mVZkZ2Tn/v7++sSvtOQuq6ur2RnjnW2M8aTZGsliMzc3d+fOnZwY7VwAAAAAAAAAgItxXgHHDz/8MBgMstLcvXt3dnb2+Oey3sbmY+c+ePBgevTjJpHDJtvi8PDw0aNHOWx6vd69e/eyLU5duY2Tcu7f//73rDcfOxcAAAAAAAAA4LydV8Dx/fff53BsHHAcjSKMTKJNMjbjcz8/4Ij/+I//yOHYt99+m21x6sptnLS/v//kyZOsj33wXAAAAAAAAACA83ZeAcfTp093d3evnFgaOf65rGeMTGJ87sbGxt7eXlaatbW12dnZo1FXEVnJzsjON2/e/Pjjj1lpFhYWbt26lZ3RdkZ2xngytrm5+erVq6w3HzwXAAAAAAAAAOACnH3AEZ1O5+XLl1tbW1lper1ev9+fm5vrnjj+uezJiXH16tXt7e3Jc3Pi2tpa9hz9/A0c2by+vj6ZeiwtLS0uLr579y6bIyvZM2l/f7/tf/Xq1XA4zGQs5964cSO3yImRFQAAAAAAAACAi3FeAcfh4eHjx4+z8kG9Xu/mzZvXr18/FUy0cw8ODtbX13M4trS0lP3jbZGdm5ubr1+/znxsZWXl2rVr7Zo5jGyLXHNnZ2dzczMrH3P//v32Qy05N7ICAAAAAAAAAHAxzjjgiBZMxMuXL58/f37l45ZGL8w4GslhkxPfvn27ubnZXpUx1uv1VlZW5ubmBiNbW1t7P9/Q7/dXV1dzqchhk6vFL9Yba2trMzMzx6OXfGTMCgAAAAAAAADAhTmXgKN5+/btmzdvPt1wtHJiMpvIiZ1feoHHB33sUu+/z+OUcUeSE5ssAgAAAAAAAABcmLMPOGJqpNPpZNze3t7a2sriB/V6vXv37h2N5LDJifGLr82YNI4wIodNLhIbGxun3tUxlruvrKzMzs4eqTcAAAAAAAAAgDrnEnDE1IlOpzMcDvf29g4PDweDwf/+7/9mng1jH3xzRrx9+3ZnZ+cT8cfYuN7IFZqc3ly9evXhw4fZM9btdhcWFvojx+/JBgAAAAAAAACAC3ZeAUdMTRgfHh4e/vjjj7u7u1dOLC8v/9u//ds4v8hKtjWd0W+prK+vDwaDrL+v1+utra1NT0+PT4+s59zI6W/evJl8jUf2P3jwIHtOyZ/aCAAAAAAAAABw8c4x4IipiXSj6XQ6L168eP78+ZUT8/Pzt27dGhcYWYnsHDs8PNwbGQwGGbvdbq/X+3//7/9NT09fv349p0zKuZGzIvc6FXD0+/27d++2e7UxizGeAAAAAAAAAABcvPMNOGJqouHojPz9738fDodZbJaWlm7cuNFyishKk/0xnkTmk7J5rB1mbLI5cq+Dg4P19fWsjK2trc3Ozh6d3C6yCAAAAAAAAABQ6NwDjpg6cfXq1Y2NjcnfT4m1tbWZmZlxUZGVsZxyahxrO9vYTM6zuXn79u3jx4+zMtbtdh88eJDbRU6JLAIAAAAAAAAAFLq4gOOD78Po9/urq6vn1FLkjrGzs7M58SsqMT8/f/v27dw0zvymAAAAAAAAAAC/1gUFHJ2RH374YTAYZGXswYMHX3311fGJrGRzxqatNJPzZnLn5HxSbhrPnj179epVDptut3v//v2jkfcvCwAAAAAAAABwwS4u4Lh69erDhw9zOPb1119fv369VRSRbVlsY2SljdEmGSe1nRmbzMcmN+fWh4eHjx49ynzsE7/bAgAAAAAAAABwwS4u4Hj79u3jx49zOPbXv/716CShyJ7I4v7+fntLx/z8fNZPyXqTzZOGw+HOzk5O7PV6/X5/dnZ2vDl/zd2fPHmyt7eXw2ZlZeXatWvju2cFAAAAAAAAAKBKWcDR6/UePHhwPJLD7Nne3n7+/PmVCdmzsrIyOzt7dFJaRNazucll9/f3Nzc3B6PmYywnrq2tdbvd7M+2ePTo0eSeXFbAAQAAAAAAAABcEhcXcMT333+fw7GlkUwGg8GPP/44+YaMScvLyzdu3DgVW+Rqsb29vbW1lcP39Xq9+fn5XH84HGbPq1evsjh2//796enpU9cEAAAAAAAAAChxoQHHxsbGqUqj2+3Ozc29fv06809YWlpaXFw8Gslhu+DBwcH6+noOP6HX6w0mXrzRZPHevXu5VKg3AAAAAAAAAIByFxRwRKfTOTw8nPwVlc/X7XbX1tbaOzNy2K729OnT3d3dK79eLjUzM5NLHY9kBQAAAAAAAACg0EUEHNGSi/jEj56MdbvdP/3pT6fijOWTH1LJvF3t4cOHmY/1er2FhYV//vOfw+Ewhx8zPz9/+/btXCdyKOAAAAAAAAAAAMpdXMDRvH379s2bN8+fP7/yId1u9+uvv56bmxsMBi9evHj16lUWmxZeHI90Op39/f31n/9+yl//+teMOXFnZ+dj1x//FEsu0mQRAAAAAAAAAKDWBQUcMXWi5Rebm5uDwSDrY/1+f21trUUV2ZY9T548ybyZm5tbXV0d/3VnZ+fHH3/MvJmfn19ZWWl/jZz74sWL8Ts8er1et9tdWlqanZ09Um8AAAAAAAAAAJfMxQUcMfVzw5HBYNDr9fr9/vGJ7Ox0OoeHh48ePcq86Xa7f/nLX9pfc+7m5uarifdzLI9+YCV/jRxmQ2SS6+fibTHjpKwAAAAAAAAAAFwGFxpwROsqMkabZIxWVLQxOiOPHj0aDoc5bBYWFubn53u93uvXr0/9SMrKysq1a9dyeuQwxlcey5+iTTICAAAAAAAAAFwSFx1wxDitGE/iVFTRGXn27Nnr169z+Ivu37//1Vdf5SKRw4/59F8BAAAAAAAAAEoUBBxjkwFHjOuKrEdn9CsqGxsbg8Egi5+wtrY2Ozv77t27XCGyAgAAAAAAAADwBakMOD6hBRwZDw4O1tfXs/Ixc3Nzd+7cOTo6Oj6RRQAAAAAAAACAL8jlDTgydkaGw+HH3sOxtLS0uLh4fHw8DjiyCAAAAAAAAADwZbmkAUdMTTg8PNwbGQwGw+Gw1+v1R2ZnZ49O0o3IWQAAAAAAAAAAX5zLG3DE1Og9HBnHcti0XCPjWA4BAAAAAAAAAL5ElzrgiBZttDHGk1ZsTI4AAAAAAAAAAF+oyx5wNONu4xTpBgAAAAAAAADwB/BlBBwAAAAAAAAAAH9gAg4AAAAAAAAAgGICDgAAAAAAAACAYgIOAAAAAAAAAIBiAg4AAAAAAAAAgGICDgAAAAAAAACAYgIOAAAAAAAAAIBiAg4AAAAAAAAAgGICDgAAAAAAAACAYgIOAAAAAAAAAIBiAg4AAAAAAAAAgGICDgAAAAAAAACAYgIOAAAAAAAAAIBiAg4AAAAAAAAAgGICDgAAAAAAAACAYgIOAAAAAAAAAIBiAg4AAAAAAAAAgGICDgAAAAAAAACAYgIOAAAAAAAAAIBiAg4AAAAAAAAAgGICDgAAAAAAAACAYgIOAAAAAAAAAIBiAg4AAAAAAAAAgGICDgAAAAAAAACgxtTUVMbf6fj4OOPnuODb/SoCDgAAAAAAAACgwNRIm2T8DY5H2iTjp+Uu0SYZf4N2l4yRydkScAAAAAAAAAAAF23qRKfTaYcZf5XjE0dHR+0w48fk+qdk8Vdp18+9MmlyeIYEHAAAAAAAAADAhZo6cXBw8OzZs8FgkMXf5ptvvhlHFTn8mNyr0+nkdhsbGzn8bXq93u3bt2dmZnKvJotnRcABAAAAAAAAAFyoqZGrV69ubGzs7e1l5Tf79ttvj0Y+kVPkXs3vDDii3++vrq6+e/cut4usnBUBBwAAAAAAAABwoaZG78OI77//Poe/x+cHHLndwcHB+vp6Vn6Pz7njbyDgAAAAAAAAAAAuVMsprl69+vDhwxz+Hp+TU+R2zcHvfgNHfPfdd+/evfv0HX8DAQcAAAAAAAAAcKGmPhJwzM3NjauI7Mn4MeNtd+7caS1F5PBjcrXccX9//82bN5lnJfvb5IPaXzNmvre3NxgMMmkEHAAAAAAAAADAH8HUKKc4FXDMzc2tra2Nq4jx5BOyJ46Ojto848fkjpOy8ovatoxPnjzZ29vLvBFwAAAAAAAAAAB/BFMfCjj6/X4LOJqsfFrbMzl+Wm56avy07GnW19cFHAAAAAAAAADAH83UxwOOo5EcfmYe8Znbmtw34+doO/OQsS7gAAAAAAAAAAD+eKY+HnC8e/fueCQrbSyRJ2zynBsbGwIOAAAAAAAAAOCPpoURpwKOubm5O3fuHI3k8GzziF8rT5gxDxlPnz7d3d29ckLAAQAAAAAAAAD8EUz9UsBxtm3Eb9MeMgQcAAAAAAAAAMAfUGsjBByTBBwAAAAAAAAAwIVqbYSAY5KAAwAAAAAAAAC4UK2NEHBM+pICjnw0GZuz/RQAAAAAAAAAgAszNWojBByTvpiAI59LZNLkU4hMAAAAAAAAAIAvy9SojRBwTPoyAo58KGODwaDb7eZTaPJXAAAAAAAAAOALkm//OwKOn/tiAo58IoeHh/lQBoPBvXv3pqenz/yzAAAAAAAAAAAuQMsABByTvoCAI59I5BN5+fLl1tZWVlZWVq5du9Y+i8gKAAAAAAAAAPClaBmAgGPSlxRwbG9vv3jxIis3b95cXFxsn0VkBQAAAAAAAAD4UrQM4FTA0e/3V1dXj0YuQwzQHjI2Njb29vay0vxfDzjyn217e7u9gWNpaWlxcfHdu3f5LCIrAAAAAAAAAMCXYuqkjfj+++9z2MyN3sBxeWKA8UOeegPHt99+ezRytg/5RQYcy8vLN27cuDz/zQAAAAAAAACAzzc10ul0/va3v+WwmZub+/Of/9zCiMhKrTxh5CH/8Y9/TAYc33zzzXk85BcZcHgDBwAAAAAAAAB8uaZOHB4eZsxKTE9PHx8ftzYih+Xag3U6ncmHzLO152yyclYEHAAAAAAAAADARZs6kXlzPNImGS+DPF60ScYmj9dkfoYEHAAAAAAAAABAgamJKmLssmUAF/aQAg4AAAAAAAAAgGICDgAAAAAAAACAYgIOAAAAAAAAAIBilyvgmPr5L8ccHx+3lc7IqYDjaCSH421NDjMCAAAAAAAAAHwpLlHA0SKMNjbjFKMz8rGAI94/q40AAAAAAAAAAJff5Qo4otPpDIfDbrd7PJL1aOsvX758/vz5lStXlpeXb9y4cXR0NLkhMom2HpkDAAAAAAAAAFx+lyXgmDrxX//1X7u7uzdv3pyfn5+enj4eyfrHAo78qdnY2Njb27t+/fqtW7ey3mQzAAAAAAAAAMAld7kCjk6n85//+Z+DwSAr/X5/ZWWlvYojh/nrqYBjvD4cDjc3N/f29nIY33zzTWs7IocAAAAAAAAAAJfcpQs4Xr58ubW1lZXo9Xpra2vT09OZ568vXrxof1paWrp582brMw4PDzc3N3d3d6+M5E83Tl7OEVkBAAAAAAAAALjkLkvAEVOjgCO2t7dbqBHdbvfu3bsZ89cXL16M38DRAo69vb319fWsNEtLS4uLi0cj+WtWAAAAAAAAAAAuv/MKOKampjLG54cUOaXpjN7D8c9//nM4HGY9vv7664WFha2trXHAsbS0tLu7++TJkxw2a2trs7OzR6N0o8ni58gdM8bnnwIAAAAAAAAA/E7j7+snXbbv7i/sIc8l4GhP38b20G38RTml6XQ6+/v7P/744/Ck4VhaWsq4NXozx+S8+W31Rm40HqOd1UYAAAAAAAAA4Pzky/om86Z9X58xMrkM8njRJhmbPF6T+Rk6+4AjDz2Wx22y3sZflLOaTqczHA7X19czZj16vd5gMMhkUrfb/frrr39PvdHkrLGsAwAAAAAAAADnJF/TN4eHhxmzEvm+fnp6Ot/+t3nGWu3BOp3O+w+ZscnKWTnjgCNP3BwcHDx79uz69euLi4v5cPPQkQ2fI6c3+RSGw+HGxsb73UbT7/fX1tZy5fEtIuufI9eP3OLly5evX7/Oc167di2nN9kAAAAAAAAAAJyHfF8f+cr+b3/7Ww6bubm5P//5z+MAICu18oSRh/zHP/6xu7t75cQ333xzHg95LgFHnn78Ea+urs7MzOShm6x8jlxkLFfb3Nx8/fp11ie1euPo5ENpsv45ctnm7du3jx8/zkqv1/v3f//38dWyAgAAAAAAAACch3xf3xn5/vvvc9jMzc3duXMnX9zHZfjifvyQT58+nQw4vv322zxhnO1Dnn3AkUePx48fD0c/fbKysnLt2rX23JGVz5RLZcylMsl4quGYn5/PldtlM2Ylk4yfKdeMXPbly5dbW1tZ6Xa79+/fz6XiV10KAAAAAAAAAPhV2lf2V69effjwYQ6bfr+/urqab+3jMnxx3x4yNjY29vb2stJ899137969O/OHPPuAI/IR//TTT69evcrK/Pz87du389zxax89l2pjPo6M29vbueZwOLw5kquNr9nGz5er5Zrx8uXL58+fX7lyZWFh4datW7lg/NqrAQAAAAAAAACfr31rf/XnAcfcF/IGji8p4MjTv3nzZnNzMytzc3Orq6vvfuuj52ptbIajt3p0u91cqslhG3+VXCoPGeNMZnl5+caNG3nOXC2yAgAAAAAAAACch/atvYBj0nkFHAcHB+vr61mJ+/fvT09Pt0ePrPxauWa0ScZ2kYyRya+Vi0Qe8vDw8PHjx1mJtbW1mZmZ3/OQAAAAAAAAAMDnaN/aCzgmnVfAEY8ePWovzFhZWbl27Vp79MjKb5DLZpz0ey4VecLJyiSfb54wctnICgAAAAAAAABwHtq39gKOSWcccMT4H/DDDz8MBoOsLC0tLS4u5tHjbJ/+t8kTRv5/sL29vbW1lZVut/vgwYPz+HwBAAAAAAAAgFPyrX1HwPFz5xhw/PTTT69evcpKv99fXV3No8fZPv1v8/4Tzs/P3759O48Xl+EJAQAAAAAAAOAPrH1xL+CYdC4BR+RT3tnZ2dzczEq0p8+jN1mpkmdr8oQPT/5/0N4R8u7kCbMCAAAAAAAAAJyTfGvfEXD83HkFHPkHHBwcrK+vZyUePHjw1VdftaePrFTJs0Ue7/Dw8PHjx1mJtbW1mZmZy/B4AAAAAAAAAPCH1764F3BMOq+AI/JBP3r0aDgcZnFlZeX69et5+jjbf8CvlQeLPNupF4TkwSLPFlkBAAAAAAAAAM5JvrjvCDh+7uwDjhj/G3766adXr15lZW5ubnV19d3Jb5REFi9eHqzJs21vb29tbWWx1+vdu3cvn2xUPRgAAAAAAAAA/N/Rvrj/RMCRw9pv8POEGfOQ8WUHHJF/w5s3b8ZvuXjw4MH09HT+AZHDs/1nfI48UhvzYG/fvn306FEOY3l5+caNG/lw80iRFQAAAAAAAADg/LTv7k8FHP1+f21tbfLr+zZevDxeGyMPub6+vre3l5Xmiww44tHJr6gsLy8vLi7mHxDjf8N4ct7yPG3MI8WLFy/a6zfi/v37rSzJw0RWAAAAAAAAAIDz076+v/qhgONoJIef+Q3+Z25rct+Mn6PtzEPG+pcbcET+Jfk3xLNnz16/fp2VWFpaunnz5tHo3xBZaeMFyPOM7e/vr6+vZzEmfz8lhxf2PAAAAAAAAADwf1a+u+98JODIF/dNVj6t7ZkcPy03bWNk8ouyrVn/0gOOyMd9eHiYf0l7CUcsj97DkX9Dk5U2np88Rhubvb29PE9Wmvy3n5mZaR9rZAUAAAAAAAAAOFf5+r7zXsAxNzeXL/HH392PJ5+QPZEv/ds848fkjpOy8mnjPZmsr6/v7u5eOfGFBRyRf0M+7tje3h7/Xkn0+/2lpaVut9vr9do/po3nIc+QMTIZDod5jPHrQGJhYeHWrVv5TCOH5/cYAAAAAAAAAMBYvsTvvBdw9EbG391nT8aPGW+7c+dOvvTPYeTwY3K13PHw8PDZs2eZZ3PGrH9MNmSMbJusN+KLDDiafAT590+WE83c3Fy/3+92u5nnv0HGszUYDDLG3t5ePs3hyVtAmrm5ufxXzKfZPtPIIgAAAAAAAABw3lpLcCrg+G2+/fbbfO8fn/jeP7fLmDseHBxsbGxk/nt8eQFH5COIfAQZX758+c9//vNURVFlbm5udXU1n2bkA40sAgAAAAAAAAAXYGrUEsT333+fw9/jMwOOyO0ODg7W19ez8nt8zh1/g/MNOCIfQZMPYn9/f2dn51//+ldhxrGwsHD9+vXZ2dl8juNPs40AAAAAAAAAwAWYGrl69erTp093f/4DJb/W5+QUuVdz8LvfwNHv91dXV9+9e5fbRVbOyrkHHJGP4JS9vb39/f38N8g/ZjgcZsy2TDKerW632xvJTWdnZ/M5ZiW3G8ueNgIAAAAAAAAAFyNf4jcHBwfb29u7v6Ph+Oabb1q9ETn8mNyrM3oDx8bvCDh6vd7t27dnZmZyryaLZ+UiAo7IB9HGmJw0k/OzNflhtXnGps0zAgAAAAAAAAAXbOpEp9Nphxl/lXzp3xwdHbXDjB+T65+SxV+lXT/3yqTJ4Rm6oIAjxv/49ycXYPzBvT8BAAAAAAAAAC7e1EibZPwN8tV/tEnGT8tdok0y/gbtLhkjk7N1cQHH2G/+IM7EeXyIAAAAAAAAAMBvcCYJweeXABd8u1+lIOAAAAAAAAAAAGCSgAMAAAAAAAAAoJiAAwAAAAAAAACgmIADAAAAAAAAAKCYgAMAAAAAAAAAoJiAAwAAAAAAAACgmIADAAAAAAAAAKCYgAMAAAAAAAAAoJiAAwAAAAAAAACgmIADAAAAAAAAAKCYgAMAAAAAAAAAoJiAAwAAAAAAAACgmIADAAAAAAAAAKCYgAMAAAAAAAAAoJiAAwAAAAAAAACgmIADAAAAAAAAAKCYgAMAAAAAAAAAoJiAAwAAAAAAAACg2P8HiiO55bfqL3QAAAAASUVORK5CYII="`;
